// Jest Snapshot v1, https://goo.gl/fbAQLP

exports[`CoinDetail Component renders loading when data is not yet available 1`] = `
<h2
  class="align-items-center d-flex justify-content-center text-light vh-100"
  data-testid="h2test"
>
  Loading...
</h2>
`;
